// Jest Snapshot v1, https://goo.gl/fbAQLP

exports[`expect to render Card component 1`] = `
"<button id=\\"counter\\" color=\\"red\\" onClick={[Function (anonymous)]}>
  Count: 
  0
</button>"
`;
