// Jest Snapshot v1, https://goo.gl/fbAQLP

exports[`MainPage renders MainPage with robots 1`] = `ShallowWrapper {}`;

exports[`MainPage renders MainPage without crashing 1`] = `undefined`;
